
> backend@1.0.0 serve
> nodemon --exec ts-node src/server.ts

[33m[nodemon] 3.1.10[39m
[33m[nodemon] to restart at any time, enter `rs`[39m
[33m[nodemon] watching path(s): src/**/*[39m
[33m[nodemon] watching extensions: ts,js[39m
[32m[nodemon] starting `ts-node src/server.ts`[39m
[dotenv@17.2.1] injecting env (20) from .env -- tip: 🔐 prevent committing .env to code: https://dotenvx.com/precommit
📧 Real email service initialized with: freelancetasker0@gmail.com
📧 Real email service initialized with: freelancetasker0@gmail.com
📧 Real email service initialized with: freelancetasker0@gmail.com
✅ TeamManagementController initialized
📧 Real email service initialized with: freelancetasker0@gmail.com
✅ Socket.IO initialized
(node:10627) [MONGOOSE] Warning: Duplicate schema index on {"userId":1} found. This is often due to declaring an index using both "index: true" and "schema.index()". Please remove the duplicate index definition.
(Use `node --trace-warnings ...` to show where the warning was created)
(node:10627) [MONGOOSE] Warning: Duplicate schema index on {"expiresAt":1} found. This is often due to declaring an index using both "index: true" and "schema.index()". Please remove the duplicate index definition.
✅ MongoDB connected
✅ MongoDB connected
✅ Redis connected
🚀 Server running on port 3002
📊 Environment: development
🌐 Frontend URL: http://localhost:3030
